// Jest Snapshot v1, https://goo.gl/fbAQLP

exports[`CardModal should render correctly 1`] = `
<ContextConsumer>
  <Component />
</ContextConsumer>
`;
